
> soglia-local@0.1.0 check
> npm run build && npm test && npm run test:e2e && npm run test:e2e:experience


> soglia-local@0.1.0 build
> tsc --noEmit && vite build

vite v8.3.2 building client environment for production...
transforming...
✓ 117 modules transformed.
rendering chunks...
computing gzip size...
dist/index.html                   0.69 kB │ gzip:   0.43 kB
dist/assets/index-CidxibmP.css   27.94 kB │ gzip:   7.00 kB
dist/assets/index-JLEFEq3d.js   393.83 kB │ gzip: 116.59 kB

✓ built in 135ms

> soglia-local@0.1.0 test
> tsx scripts/test.ts


 RUN  v5.0.3 /workspace/LinkedHome


 Test Files  7 passed (7)
      Tests  161 passed (161)
   Start at  22:49:10
   Duration  16.74s (tests 93%, import 5%, transform 1%)


> soglia-local@0.1.0 test:e2e
> playwright test

[WebServer] (node:5143) Warning: The 'NO_COLOR' env is ignored due to the 'FORCE_COLOR' env being set.
[WebServer] (Use `node --trace-warnings ...` to show where the warning was created)

Running 19 tests using 1 worker

(node:5177) Warning: The 'NO_COLOR' env is ignored due to the 'FORCE_COLOR' env being set.
(Use `node --trace-warnings ...` to show where the warning was created)
  ✓   1 tests/browser/core.spec.ts:117:1 › landing, keyboard and mobile visual accessibility (2.4s)
  ✓   2 tests/browser/core.spec.ts:152:1 › new tenant registers, confirms local token, edits and deliberately publishes (2.3s)
  ✓   3 tests/browser/core.spec.ts:189:1 › landlord creates property, sees useful validation and publishes (1.5s)
  ✓   4 tests/browser/core.spec.ts:218:1 › two users discover, invite, accept, converse, report and block (3.4s)
  ✓   5 tests/browser/core.spec.ts:304:1 › compatible offer edit invalidates pending acceptance (870ms)
  ✓   6 tests/browser/core.spec.ts:334:1 › staff navigation preserves response shape and restricted case context (1.7s)
  ✓   7 tests/browser/core.spec.ts:366:1 › reset password through local mail and handle malformed links safely (1.1s)
  ✓   8 tests/browser/core.spec.ts:390:1 › suspended account keeps own-data access and an appeal route (851ms)
  ✓   9 tests/browser/core.spec.ts:426:1 › session outage has a retry path instead of pretending logout (445ms)
  ✓  10 tests/browser/core.spec.ts:441:1 › measures bounded local landing performance (4.0s)
  ✓  11 tests/browser/income.spec.ts:146:1 › a tenant can accept an invitation without income verification or a financial grant (856ms)
  ✓  12 tests/browser/income.spec.ts:177:1 › sharing requires a deliberate choice for one invitation and revocation removes the owner's preview (3.5s)
  ✓  13 tests/browser/income.spec.ts:317:1 › contesting an attestation interrupts a previously consented recipient's access (1.1s)
  ✓  14 tests/browser/income.spec.ts:368:1 › a replaced attestation cannot inherit consent from an older invitation preview (1.3s)
  ✓  15 tests/browser/income.spec.ts:446:1 › synthetic examples explain completed and recoverable states with an accessible mobile flow (4.9s)
  ✓  16 tests/browser/mail-runtime.spec.ts:38:1 › SMTP signup and resend use mailbox instructions and one runtime request (775ms)
  ✓  17 tests/browser/mail-runtime.spec.ts:98:1 › SMTP recovery and confirmation keep real email wording without claiming delivery (700ms)
  ✓  18 tests/browser/mail-runtime.spec.ts:132:1 › unavailable runtime avoids inventing local mail or SMTP readiness (467ms)
  ✓  19 tests/browser/mail-runtime.spec.ts:157:1 › staging uses test environment wording while SMTP remains mailbox based (419ms)

  19 passed (34.9s)

> soglia-local@0.1.0 test:e2e:experience
> playwright test --config=playwright.experience.config.ts

[WebServer] (node:6544) Warning: The 'NO_COLOR' env is ignored due to the 'FORCE_COLOR' env being set.
[WebServer] (Use `node --trace-warnings ...` to show where the warning was created)

Running 11 tests using 1 worker

(node:6563) Warning: The 'NO_COLOR' env is ignored due to the 'FORCE_COLOR' env being set.
(Use `node --trace-warnings ...` to show where the warning was created)
  ✓   1 [experience] › tests/experience/experience.spec.ts:75:1 › role guide leads to the right signup and FAQ explains the commitment (2.5s)
  ✓   2 [experience] › tests/experience/experience.spec.ts:124:1 › signup preserves selected role and reveals a password without submitting (1.1s)
  ✓   3 [experience] › tests/experience/experience.spec.ts:155:1 › tenant progress follows verification and deliberate profile publication (1.2s)
  ✓   4 [experience] › tests/experience/experience.spec.ts:195:1 › landlord progress requires current property availability (1.0s)
  ✓   5 [experience] › tests/experience/experience.spec.ts:235:1 › progress failures stay recoverable without claiming completion (508ms)
  ✓   6 [experience] › tests/experience/experience.spec.ts:259:1 › chat templates preserve drafts and require explicit send; failed sends retain text (1.7s)
  ✓   7 [experience] › tests/experience/experience.spec.ts:343:1 › switching conversations cannot carry a draft to a different contact (506ms)
(node:7003) Warning: The 'NO_COLOR' env is ignored due to the 'FORCE_COLOR' env being set.
(Use `node --trace-warnings ...` to show where the warning was created)
  ✓   8 [mail-runtime] › tests/browser/mail-runtime.spec.ts:38:1 › SMTP signup and resend use mailbox instructions and one runtime request (798ms)
  ✓   9 [mail-runtime] › tests/browser/mail-runtime.spec.ts:98:1 › SMTP recovery and confirmation keep real email wording without claiming delivery (800ms)
  ✓  10 [mail-runtime] › tests/browser/mail-runtime.spec.ts:132:1 › unavailable runtime avoids inventing local mail or SMTP readiness (471ms)
  ✓  11 [mail-runtime] › tests/browser/mail-runtime.spec.ts:157:1 › staging uses test environment wording while SMTP remains mailbox based (412ms)

  11 passed (12.9s)
