
> soglia-local@0.1.0 check
> npm run build && npm test && npm run test:e2e && npm run test:e2e:experience


> soglia-local@0.1.0 build
> tsc --noEmit && vite build

vite v8.3.2 building client environment for production...
transforming...
✓ 117 modules transformed.
rendering chunks...
computing gzip size...
dist/index.html                   0.68 kB │ gzip:   0.42 kB
dist/assets/index-CidxibmP.css   27.94 kB │ gzip:   7.00 kB
dist/assets/index-DBkVnZmM.js   393.82 kB │ gzip: 116.59 kB

✓ built in 154ms

> soglia-local@0.1.0 test
> tsx scripts/test.ts


 RUN  v5.0.3 /workspace/LinkedHome


 Test Files  7 passed (7)
      Tests  161 passed (161)
   Start at  22:25:47
   Duration  16.28s (tests 94%, import 5%, transform 1%)


> soglia-local@0.1.0 test:e2e
> playwright test

[WebServer] (node:1996) Warning: The 'NO_COLOR' env is ignored due to the 'FORCE_COLOR' env being set.
[WebServer] (Use `node --trace-warnings ...` to show where the warning was created)

Running 19 tests using 1 worker

(node:2032) Warning: The 'NO_COLOR' env is ignored due to the 'FORCE_COLOR' env being set.
(Use `node --trace-warnings ...` to show where the warning was created)
  ✓   1 tests/browser/core.spec.ts:117:1 › landing, keyboard and mobile visual accessibility (2.0s)
  ✓   2 tests/browser/core.spec.ts:152:1 › new tenant registers, confirms local token, edits and deliberately publishes (2.1s)
  ✓   3 tests/browser/core.spec.ts:189:1 › landlord creates property, sees useful validation and publishes (1.4s)
  ✓   4 tests/browser/core.spec.ts:218:1 › two users discover, invite, accept, converse, report and block (3.1s)
  ✓   5 tests/browser/core.spec.ts:304:1 › compatible offer edit invalidates pending acceptance (774ms)
  ✓   6 tests/browser/core.spec.ts:334:1 › staff navigation preserves response shape and restricted case context (1.5s)
  ✓   7 tests/browser/core.spec.ts:366:1 › reset password through local mail and handle malformed links safely (992ms)
  ✓   8 tests/browser/core.spec.ts:390:1 › suspended account keeps own-data access and an appeal route (788ms)
  ✓   9 tests/browser/core.spec.ts:426:1 › session outage has a retry path instead of pretending logout (395ms)
  ✓  10 tests/browser/core.spec.ts:441:1 › measures bounded local landing performance (4.0s)
  ✓  11 tests/browser/income.spec.ts:146:1 › a tenant can accept an invitation without income verification or a financial grant (1.0s)
  ✓  12 tests/browser/income.spec.ts:177:1 › sharing requires a deliberate choice for one invitation and revocation removes the owner's preview (3.7s)
  ✓  13 tests/browser/income.spec.ts:317:1 › contesting an attestation interrupts a previously consented recipient's access (1.1s)
  ✓  14 tests/browser/income.spec.ts:368:1 › a replaced attestation cannot inherit consent from an older invitation preview (1.3s)
  ✓  15 tests/browser/income.spec.ts:446:1 › synthetic examples explain completed and recoverable states with an accessible mobile flow (4.8s)
  ✓  16 tests/browser/mail-runtime.spec.ts:38:1 › SMTP signup and resend use mailbox instructions and one runtime request (596ms)
  ✓  17 tests/browser/mail-runtime.spec.ts:98:1 › SMTP recovery and confirmation keep real email wording without claiming delivery (715ms)
  ✓  18 tests/browser/mail-runtime.spec.ts:132:1 › unavailable runtime avoids inventing local mail or SMTP readiness (491ms)
  ✓  19 tests/browser/mail-runtime.spec.ts:157:1 › staging uses test environment wording while SMTP remains mailbox based (395ms)

  19 passed (33.9s)

> soglia-local@0.1.0 test:e2e:experience
> playwright test --config=playwright.experience.config.ts

[WebServer] (node:3289) Warning: The 'NO_COLOR' env is ignored due to the 'FORCE_COLOR' env being set.
[WebServer] (Use `node --trace-warnings ...` to show where the warning was created)

Running 11 tests using 1 worker

(node:3308) Warning: The 'NO_COLOR' env is ignored due to the 'FORCE_COLOR' env being set.
(Use `node --trace-warnings ...` to show where the warning was created)
  ✓   1 [experience] › tests/experience/experience.spec.ts:75:1 › role guide leads to the right signup and FAQ explains the commitment (2.4s)
  ✓   2 [experience] › tests/experience/experience.spec.ts:124:1 › signup preserves selected role and reveals a password without submitting (1.1s)
  ✓   3 [experience] › tests/experience/experience.spec.ts:155:1 › tenant progress follows verification and deliberate profile publication (1.3s)
  ✓   4 [experience] › tests/experience/experience.spec.ts:195:1 › landlord progress requires current property availability (1.1s)
  ✓   5 [experience] › tests/experience/experience.spec.ts:235:1 › progress failures stay recoverable without claiming completion (486ms)
  ✓   6 [experience] › tests/experience/experience.spec.ts:259:1 › chat templates preserve drafts and require explicit send; failed sends retain text (1.6s)
  ✓   7 [experience] › tests/experience/experience.spec.ts:343:1 › switching conversations cannot carry a draft to a different contact (483ms)
(node:3742) Warning: The 'NO_COLOR' env is ignored due to the 'FORCE_COLOR' env being set.
(Use `node --trace-warnings ...` to show where the warning was created)
  ✓   8 [mail-runtime] › tests/browser/mail-runtime.spec.ts:38:1 › SMTP signup and resend use mailbox instructions and one runtime request (793ms)
  ✓   9 [mail-runtime] › tests/browser/mail-runtime.spec.ts:98:1 › SMTP recovery and confirmation keep real email wording without claiming delivery (738ms)
  ✓  10 [mail-runtime] › tests/browser/mail-runtime.spec.ts:132:1 › unavailable runtime avoids inventing local mail or SMTP readiness (460ms)
  ✓  11 [mail-runtime] › tests/browser/mail-runtime.spec.ts:157:1 › staging uses test environment wording while SMTP remains mailbox based (421ms)

  11 passed (12.7s)
